#-----------------------------------------------------------
# Vivado v2025.1 (64-bit)
# SW Build 6140274 on Wed May 21 22:58:25 MDT 2025
# IP Build 6138677 on Thu May 22 03:10:11 MDT 2025
# SharedData Build 6139179 on Tue May 20 17:58:58 MDT 2025
# Start of session at: Thu Oct  8 16:44:46 2026
# Process ID         : 216397
# Current directory  : /home/mark/fpga/dds/vivado_ip
# Command line       : vivado vivado_ip.xpr
# Log file           : /home/mark/fpga/dds/vivado_ip/vivado.log
# Journal file       : /home/mark/fpga/dds/vivado_ip/vivado.jou
# Running On         : zen
# Platform           : Ubuntu
# Operating System   : Ubuntu 24.04.3 LTS
# Processor Detail   : Intel(R) Core(TM) Ultra 7 155H
# CPU Frequency      : 1998.269 MHz
# CPU Physical cores : 16
# CPU Logical cores  : 22
# Host memory        : 16083 MB
# Swap memory        : 21474 MB
# Total Virtual      : 37558 MB
# Available Virtual  : 25761 MB
#-----------------------------------------------------------
start_gui
open_project vivado_ip.xpr
update_compile_order -fileset sources_1
open_bd_design {/home/mark/fpga/dds/vivado_ip/vivado_ip.srcs/sources_1/bd/dds_bd/dds_bd.bd}
set_property -dict [list \
  CONFIG.Has_Phase_Out {true} \
  CONFIG.Latency {9} \
  CONFIG.Latency_Configuration {Auto} \
  CONFIG.M_DATA_Has_TUSER {Not_Required} \
  CONFIG.Optimization_Goal {Auto} \
  CONFIG.Output_Frequency1 {0} \
] [get_bd_cells dds_compiler_0]
save_bd_design
validate_bd_design
startgroup
make_bd_pins_external  [get_bd_cells dds_compiler_0]
make_bd_intf_pins_external  [get_bd_cells dds_compiler_0]
endgroup
save_bd_design
make_wrapper -files [get_files /home/mark/fpga/dds/vivado_ip/vivado_ip.srcs/sources_1/bd/dds_bd/dds_bd.bd] -top
add_files -norecurse /home/mark/fpga/dds/vivado_ip/vivado_ip.gen/sources_1/bd/dds_bd/hdl/dds_bd_wrapper.v
launch_runs synth_1 -jobs 20
wait_on_run synth_1
open_run synth_1 -name synth_1
report_utilization -name utilization_1
